\BOOKMARK [1][-]{section.1}{\376\377\000L\000i\000m\000i\000t\000s\000\040\000o\000f\000\040\000F\000u\000n\000c\000t\000i\000o\000n\000s}{}% 1
\BOOKMARK [2][-]{subsection.1.1}{\376\377\000T\000y\000p\000e\000\040\0001\000.\0001\000:\000\040\000F\000a\000c\000t\000o\000r\000i\000n\000g\000\040\000\050\0000\000/\0000\000\040\000Q\000u\000a\000d\000r\000a\000t\000i\000c\000\040\000/\000\040\000D\000i\000f\000f\000e\000r\000e\000n\000c\000e\000\040\000o\000f\000\040\000S\000q\000u\000a\000r\000e\000s\000\051}{section.1}% 2
\BOOKMARK [2][-]{subsection.1.2}{\376\377\000T\000y\000p\000e\000\040\0001\000.\0002\000:\000\040\000S\000q\000u\000a\000r\000e\000\040\000R\000o\000o\000t\000\040\000C\000o\000n\000j\000u\000g\000a\000t\000e\000\040\000\050\0000\000/\0000\000\051}{section.1}% 3
\BOOKMARK [2][-]{subsection.1.3}{\376\377\000T\000y\000p\000e\000\040\0001\000.\0003\000:\000\040\000C\000u\000b\000e\000\040\000R\000o\000o\000t\000\040\000C\000o\000n\000j\000u\000g\000a\000t\000e\000\040\000/\000\040\000D\000i\000f\000f\000e\000r\000e\000n\000c\000e\000\040\000o\000f\000\040\000C\000u\000b\000e\000s\000\040\000\050\0000\000/\0000\000\051}{section.1}% 4
\BOOKMARK [2][-]{subsection.1.4}{\376\377\000T\000y\000p\000e\000\040\0001\000.\0004\000:\000\040\000C\000o\000m\000p\000l\000e\000x\000\040\000F\000r\000a\000c\000t\000i\000o\000n\000\040\000\050\0000\000/\0000\000\051}{section.1}% 5
\BOOKMARK [2][-]{subsection.1.5}{\376\377\000T\000y\000p\000e\000\040\0001\000.\0005\000:\000\040\000D\000o\000u\000b\000l\000e\000\040\000C\000o\000n\000j\000u\000g\000a\000t\000e\000\040\000\050\000N\000u\000m\000e\000r\000a\000t\000o\000r\000\040\000\046\000\040\000D\000e\000n\000o\000m\000i\000n\000a\000t\000o\000r\000\051}{section.1}% 6
\BOOKMARK [2][-]{subsection.1.6}{\376\377\000T\000y\000p\000e\000\040\0001\000.\0006\000:\000\040\000B\000a\000s\000i\000c\000\040\000T\000r\000i\000g\000o\000n\000o\000m\000e\000t\000r\000i\000c\000\040\000L\000i\000m\000i\000t\000s\000\040\000\050\000s\000i\000n\000k\000x\000x\000,\000\040\000t\000a\000n\000k\000x\000s\000i\000n\000m\000x\000\051}{section.1}% 7
\BOOKMARK [2][-]{subsection.1.7}{\376\377\000T\000y\000p\000e\000\040\0001\000.\0007\000:\000\040\000L\000i\000m\000i\000t\000s\000\040\000a\000t\000\040\000I\000n\000f\000i\000n\000i\000t\000y\000\040\000\050\000/\000\040\000\046\000\040\000-\000\040\000\051}{section.1}% 8
\BOOKMARK [2][-]{subsection.1.8}{\376\377\000T\000y\000p\000e\000\040\0001\000.\0008\000:\000\040\000O\000n\000e\000-\000S\000i\000d\000e\000d\000\040\000L\000i\000m\000i\000t\000\040\000w\000i\000t\000h\000\040\000A\000b\000s\000o\000l\000u\000t\000e\000\040\000V\000a\000l\000u\000e}{section.1}% 9
\BOOKMARK [2][-]{subsection.1.9}{\376\377\000T\000y\000p\000e\000\040\0001\000.\0009\000:\000\040\000L\000'\000H\000\364\000p\000i\000t\000a\000l\000'\000s\000\040\000R\000u\000l\000e\000\040\000\050\0000\000/\0000\000\040\000o\000r\000\040\000/\000\051}{section.1}% 10
\BOOKMARK [1][-]{section.2}{\376\377\000B\000a\000s\000i\000c\000\040\000D\000e\000r\000i\000v\000a\000t\000i\000v\000e\000s\000\040\000\046\000\040\000T\000e\000r\000m\000-\000b\000y\000-\000T\000e\000r\000m\000\040\000D\000i\000f\000f\000e\000r\000e\000n\000t\000i\000a\000t\000i\000o\000n}{}% 11
\BOOKMARK [2][-]{subsection.2.1}{\376\377\000T\000y\000p\000e\000\040\0002\000.\0001\000:\000\040\000P\000o\000l\000y\000n\000o\000m\000i\000a\000l\000\040\000w\000i\000t\000h\000\040\000F\000r\000a\000c\000t\000i\000o\000n\000a\000l\000\040\000a\000n\000d\000\040\000N\000e\000g\000a\000t\000i\000v\000e\000\040\000P\000o\000w\000e\000r\000s}{section.2}% 12
\BOOKMARK [2][-]{subsection.2.2}{\376\377\000T\000y\000p\000e\000\040\0002\000.\0002\000:\000\040\000B\000a\000s\000i\000c\000\040\000T\000r\000i\000g\000o\000n\000o\000m\000e\000t\000r\000i\000c\000\040\000F\000u\000n\000c\000t\000i\000o\000n\000s\000\040\000\050\000S\000i\000n\000e\000,\000\040\000C\000o\000s\000i\000n\000e\000,\000\040\000S\000e\000c\000a\000n\000t\000,\000\040\000T\000a\000n\000g\000e\000n\000t\000\051}{section.2}% 13
\BOOKMARK [2][-]{subsection.2.3}{\376\377\000T\000y\000p\000e\000\040\0002\000.\0003\000:\000\040\000N\000a\000t\000u\000r\000a\000l\000\040\000a\000n\000d\000\040\000G\000e\000n\000e\000r\000a\000l\000\040\000E\000x\000p\000o\000n\000e\000n\000t\000i\000a\000l\000\040\000F\000u\000n\000c\000t\000i\000o\000n\000s\000\040\000\050\000e\000k\000x\000\040\000a\000n\000d\000\040\000a\000u\000\051}{section.2}% 14
\BOOKMARK [2][-]{subsection.2.4}{\376\377\000T\000y\000p\000e\000\040\0002\000.\0004\000:\000\040\000S\000u\000m\000\040\000o\000f\000\040\000I\000n\000v\000e\000r\000s\000e\000\040\000T\000r\000i\000g\000o\000n\000o\000m\000e\000t\000r\000i\000c\000\040\000F\000u\000n\000c\000t\000i\000o\000n\000s}{section.2}% 15
\BOOKMARK [1][-]{section.3}{\376\377\000P\000r\000o\000d\000u\000c\000t\000\040\000R\000u\000l\000e\000:\000\040\000\050\000u\000v\000\051\000'\000\040\000=\000\040\000u\000v\000'\000\040\000+\000\040\000v\000u\000'}{}% 16
\BOOKMARK [2][-]{subsection.3.1}{\376\377\000T\000y\000p\000e\000\040\0003\000.\0001\000:\000\040\000P\000o\000l\000y\000n\000o\000m\000i\000a\000l\000\040\000\040\000E\000x\000p\000o\000n\000e\000n\000t\000i\000a\000l}{section.3}% 17
\BOOKMARK [2][-]{subsection.3.2}{\376\377\000T\000y\000p\000e\000\040\0003\000.\0002\000:\000\040\000E\000x\000p\000o\000n\000e\000n\000t\000i\000a\000l\000\040\000\040\000T\000r\000i\000g\000o\000n\000o\000m\000e\000t\000r\000i\000c\000\040\000\050\000D\000a\000m\000p\000e\000d\000\040\000O\000s\000c\000i\000l\000l\000a\000t\000i\000o\000n\000\051}{section.3}% 18
\BOOKMARK [2][-]{subsection.3.3}{\376\377\000T\000y\000p\000e\000\040\0003\000.\0003\000:\000\040\000P\000o\000l\000y\000n\000o\000m\000i\000a\000l\000\040\000/\000\040\000E\000x\000p\000o\000n\000e\000n\000t\000i\000a\000l\000\040\000\040\000I\000n\000v\000e\000r\000s\000e\000\040\000T\000r\000i\000g\000o\000n\000o\000m\000e\000t\000r\000i\000c}{section.3}% 19
\BOOKMARK [1][-]{section.4}{\376\377\000Q\000u\000o\000t\000i\000e\000n\000t\000\040\000R\000u\000l\000e\000:\000\040\000\050\000u\000v\000\051\000'\000\040\000=\000\040\000v\000u\000'\000\040\000-\000\040\000u\000v\000'\000v\0002}{}% 20
\BOOKMARK [2][-]{subsection.4.1}{\376\377\000T\000y\000p\000e\000\040\0004\000.\0001\000:\000\040\000R\000a\000t\000i\000o\000n\000a\000l\000\040\000P\000o\000l\000y\000n\000o\000m\000i\000a\000l\000\040\000F\000u\000n\000c\000t\000i\000o\000n}{section.4}% 21
\BOOKMARK [2][-]{subsection.4.2}{\376\377\000T\000y\000p\000e\000\040\0004\000.\0002\000:\000\040\000T\000r\000i\000g\000o\000n\000o\000m\000e\000t\000r\000i\000c\000\040\000/\000\040\000R\000a\000d\000i\000c\000a\000l\000\040\000Q\000u\000o\000t\000i\000e\000n\000t}{section.4}% 22
\BOOKMARK [1][-]{section.5}{\376\377\000C\000h\000a\000i\000n\000\040\000R\000u\000l\000e\000\040\000\046\000\040\000C\000o\000m\000p\000o\000s\000i\000t\000e\000\040\000F\000u\000n\000c\000t\000i\000o\000n\000s}{}% 23
\BOOKMARK [2][-]{subsection.5.1}{\376\377\000T\000y\000p\000e\000\040\0005\000.\0001\000:\000\040\000R\000a\000d\000i\000c\000a\000l\000\040\000w\000i\000t\000h\000\040\000Q\000u\000a\000d\000r\000a\000t\000i\000c\000\040\000I\000n\000s\000i\000d\000e\000\040\000u\000\050\000x\000\051}{section.5}% 24
\BOOKMARK [2][-]{subsection.5.2}{\376\377\000T\000y\000p\000e\000\040\0005\000.\0002\000:\000\040\000L\000o\000g\000a\000r\000i\000t\000h\000m\000i\000c\000\040\000w\000i\000t\000h\000\040\000P\000o\000l\000y\000n\000o\000m\000i\000a\000l\000\040\000I\000n\000s\000i\000d\000e\000\040\000l\000n\000\050\000u\000\050\000x\000\051\000\051}{section.5}% 25
\BOOKMARK [2][-]{subsection.5.3}{\376\377\000T\000y\000p\000e\000\040\0005\000.\0003\000:\000\040\000T\000r\000i\000g\000o\000n\000o\000m\000e\000t\000r\000i\000c\000\040\000w\000i\000t\000h\000\040\000L\000i\000n\000e\000a\000r\000\040\000/\000\040\000Q\000u\000a\000d\000r\000a\000t\000i\000c\000\040\000I\000n\000s\000i\000d\000e}{section.5}% 26
\BOOKMARK [2][-]{subsection.5.4}{\376\377\000T\000y\000p\000e\000\040\0005\000.\0004\000:\000\040\000I\000n\000v\000e\000r\000s\000e\000\040\000T\000r\000i\000g\000o\000n\000o\000m\000e\000t\000r\000i\000c\000\040\000w\000i\000t\000h\000\040\000C\000h\000a\000i\000n\000\040\000R\000u\000l\000e}{section.5}% 27
\BOOKMARK [2][-]{subsection.5.5}{\376\377\000T\000y\000p\000e\000\040\0005\000.\0005\000:\000\040\000N\000e\000s\000t\000e\000d\000\040\000C\000o\000m\000p\000o\000s\000i\000t\000e\000\040\000F\000u\000n\000c\000t\000i\000o\000n\000\040\000\050\000T\000r\000i\000g\000\050\000I\000n\000v\000e\000r\000s\000e\000\040\000T\000r\000i\000g\000\050\000k\000x\000\051\000\051\000\051}{section.5}% 28
\BOOKMARK [2][-]{subsection.5.6}{\376\377\000T\000y\000p\000e\000\040\0005\000.\0006\000:\000\040\000L\000o\000g\000a\000r\000i\000t\000h\000m\000i\000c\000\040\000D\000i\000f\000f\000e\000r\000e\000n\000t\000i\000a\000t\000i\000o\000n\000\040\000\050\000y\000\040\000=\000\040\000x\000k\000x\000\051}{section.5}% 29
\BOOKMARK [2][-]{subsection.5.7}{\376\377\000T\000y\000p\000e\000\040\0005\000.\0007\000:\000\040\000H\000i\000g\000h\000e\000r\000-\000O\000r\000d\000e\000r\000\040\000D\000e\000r\000i\000v\000a\000t\000i\000v\000e\000\040\000\050\000f\000'\000'\000\050\000x\000\051\000\051}{section.5}% 30
\BOOKMARK [1][-]{section.6}{\376\377\000I\000m\000p\000l\000i\000c\000i\000t\000\040\000D\000i\000f\000f\000e\000r\000e\000n\000t\000i\000a\000t\000i\000o\000n}{}% 31
\BOOKMARK [2][-]{subsection.6.1}{\376\377\000T\000y\000p\000e\000\040\0006\000.\0001\000:\000\040\000C\000i\000r\000c\000l\000e\000\040\000E\000q\000u\000a\000t\000i\000o\000n\000\040\000\050\000x\0002\000\040\000+\000\040\000y\0002\000\040\000=\000\040\000r\0002\000\051}{section.6}% 32
\BOOKMARK [2][-]{subsection.6.2}{\376\377\000T\000y\000p\000e\000\040\0006\000.\0002\000:\000\040\000M\000i\000x\000e\000d\000\040\000P\000o\000l\000y\000n\000o\000m\000i\000a\000l\000\040\000w\000i\000t\000h\000\040\000x\000y\000\040\000P\000r\000o\000d\000u\000c\000t\000\040\000T\000e\000r\000m}{section.6}% 33
\BOOKMARK [1][-]{section.7}{\376\377\000T\000a\000n\000g\000e\000n\000t\000\040\000\046\000\040\000N\000o\000r\000m\000a\000l\000\040\000L\000i\000n\000e\000s}{}% 34
\BOOKMARK [2][-]{subsection.7.1}{\376\377\000T\000y\000p\000e\000\040\0007\000.\0001\000:\000\040\000E\000q\000u\000a\000t\000i\000o\000n\000\040\000o\000f\000\040\000t\000h\000e\000\040\000T\000a\000n\000g\000e\000n\000t\000\040\000L\000i\000n\000e}{section.7}% 35
\BOOKMARK [2][-]{subsection.7.2}{\376\377\000T\000y\000p\000e\000\040\0007\000.\0002\000:\000\040\000E\000q\000u\000a\000t\000i\000o\000n\000\040\000o\000f\000\040\000t\000h\000e\000\040\000N\000o\000r\000m\000a\000l\000\040\000L\000i\000n\000e}{section.7}% 36
